// Jest Snapshot v1, https://goo.gl/fbAQLP

exports[`snapshot tests renders correctly with custom render prop 1`] = `
.c9 {
  font-size: 20px;
  font-weight: 400;
  color: rgba(79,79,79,1);
  text-align: center;
}

.c6 {
  font-size: 14px;
  font-weight: 300;
  line-height: 19.18px;
  color: rgba(79,79,79,0.87);
  margin: 5px 0;
}

.c0 {
  display: -webkit-box;
  display: -webkit-flex;
  display: -ms-flexbox;
  display: flex;
  -webkit-align-items: center;
  -webkit-box-align: center;
  -ms-flex-align: center;
  align-items: center;
  width: 100%;
  -webkit-user-select: none;
  -moz-user-select: none;
  -ms-user-select: none;
  user-select: none;
}

.c1 {
  display: -webkit-box;
  display: -webkit-flex;
  display: -ms-flexbox;
  display: flex;
  -webkit-flex-direction: row;
  -ms-flex-direction: row;
  flex-direction: row;
  -webkit-align-items: stretch;
  -webkit-box-align: stretch;
  -ms-flex-align: stretch;
  align-items: stretch;
  width: 100%;
}

.c2 {
  display: -webkit-box;
  display: -webkit-flex;
  display: -ms-flexbox;
  display: flex;
  -webkit-flex-direction: column;
  -ms-flex-direction: column;
  flex-direction: column;
  -webkit-box-pack: space-evenly;
  -webkit-justify-content: space-evenly;
  -ms-flex-pack: space-evenly;
  justify-content: space-evenly;
  -webkit-box-flex: 1;
  -webkit-flex-grow: 1;
  -ms-flex-positive: 1;
  flex-grow: 1;
}

.c3 {
  margin: px;
  height: 40px;
  touch-action: none;
}

.c7 {
  margin: 3px;
  height: 50px;
  touch-action: none;
}

.c11 {
  margin: 3px;
  height: 40pxpx;
  touch-action: none;
}

.c10 {
  height: 15px;
  font-size: 19px;
  margin: 0px;
  margin-top: 5px;
  padding: 0px;
}

.c8 {
  height: 15px;
  font-size: 10px;
  margin: 0px;
  padding: 0px;
}

.c4 {
  position: relative;
  display: block;
  width: 100%;
  height: 25px;
  padding-right: 15px;
  text-align: center;
  display: -webkit-box;
  display: -webkit-flex;
  display: -ms-flexbox;
  display: flex;
  -webkit-box-pack: center;
  -webkit-justify-content: center;
  -ms-flex-pack: center;
  justify-content: center;
  -webkit-align-items: right;
  -webkit-box-align: right;
  -ms-flex-align: right;
  align-items: right;
  color: rgb(112,117,122);
  display: block;
}

.c5 {
  margin: 0;
  font-size: 11px;
  text-align: right;
  text-transform: uppercase;
}

@media (max-width:700px) {
  .c9 {
    font-size: 18px;
  }
}

@media (max-width:699px) {
  .c10 {
    font-size: 10px;
  }
}

@media (max-width:699px) {
  .c8 {
    font-size: 6px;
  }
}

@media (max-width:699px) {
  .c5 {
    font-size: 7px;
  }
}

<div
  className="c0"
>
  <div
    className="c1"
  >
    <div
      className="c2"
    >
      <div
        className="c3"
        height="40"
      />
      <div
        className="c4"
      >
        <p
          className="c5 c6"
        >
          9 am
        </p>
      </div>
      <div
        className="c4"
      >
        <p
          className="c5 c6"
        >
          10 am
        </p>
      </div>
      <div
        className="c4"
      >
        <p
          className="c5 c6"
        >
          11 am
        </p>
      </div>
      <div
        className="c4"
      >
        <p
          className="c5 c6"
        >
          12 pm
        </p>
      </div>
      <div
        className="c4"
      >
        <p
          className="c5 c6"
        >
          1 pm
        </p>
      </div>
      <div
        className="c4"
      >
        <p
          className="c5 c6"
        >
          2 pm
        </p>
      </div>
      <div
        className="c4"
      >
        <p
          className="c5 c6"
        >
          3 pm
        </p>
      </div>
      <div
        className="c4"
      >
        <p
          className="c5 c6"
        >
          4 pm
        </p>
      </div>
      <div
        className="c4"
      >
        <p
          className="c5 c6"
        >
          5 pm
        </p>
      </div>
      <div
        className="c4"
      >
        <p
          className="c5 c6"
        >
          6 pm
        </p>
      </div>
      <div
        className="c4"
      >
        <p
          className="c5 c6"
        >
          7 pm
        </p>
      </div>
      <div
        className="c4"
      >
        <p
          className="c5 c6"
        >
          8 pm
        </p>
      </div>
      <div
        className="c4"
      >
        <p
          className="c5 c6"
        >
          9 pm
        </p>
      </div>
      <div
        className="c4"
      >
        <p
          className="c5 c6"
        >
          10 pm
        </p>
      </div>
      <div
        className="c4"
      >
        <p
          className="c5 c6"
        >
          11 pm
        </p>
      </div>
    </div>
    <div
      className="c2"
    >
      <div
        className="c7"
        height="50"
      >
        <h2
          className="c8 c9"
        >
          MON
        </h2>
        <h2
          className="c10 c9"
        >
          1
        </h2>
      </div>
      <div
        className="rgdp__grid-cell c11"
        height="40px"
        onMouseDown={[Function]}
        onMouseEnter={[Function]}
        onMouseUp={[Function]}
        onTouchEnd={[Function]}
        onTouchMove={[Function]}
        onTouchStart={[Function]}
        role="presentation"
      >
        <div
          className="false test-date-cell-renderer"
        >
          Mon Jan 01 2018
        </div>
      </div>
      <div
        className="rgdp__grid-cell c11"
        height="40px"
        onMouseDown={[Function]}
        onMouseEnter={[Function]}
        onMouseUp={[Function]}
        onTouchEnd={[Function]}
        onTouchMove={[Function]}
        onTouchStart={[Function]}
        role="presentation"
      >
        <div
          className="false test-date-cell-renderer"
        >
          Mon Jan 01 2018
        </div>
      </div>
      <div
        className="rgdp__grid-cell c11"
        height="40px"
        onMouseDown={[Function]}
        onMouseEnter={[Function]}
        onMouseUp={[Function]}
        onTouchEnd={[Function]}
        onTouchMove={[Function]}
        onTouchStart={[Function]}
        role="presentation"
      >
        <div
          className="false test-date-cell-renderer"
        >
          Mon Jan 01 2018
        </div>
      </div>
      <div
        className="rgdp__grid-cell c11"
        height="40px"
        onMouseDown={[Function]}
        onMouseEnter={[Function]}
        onMouseUp={[Function]}
        onTouchEnd={[Function]}
        onTouchMove={[Function]}
        onTouchStart={[Function]}
        role="presentation"
      >
        <div
          className="selected test-date-cell-renderer"
        >
          Mon Jan 01 2018
        </div>
      </div>
      <div
        className="rgdp__grid-cell c11"
        height="40px"
        onMouseDown={[Function]}
        onMouseEnter={[Function]}
        onMouseUp={[Function]}
        onTouchEnd={[Function]}
        onTouchMove={[Function]}
        onTouchStart={[Function]}
        role="presentation"
      >
        <div
          className="false test-date-cell-renderer"
        >
          Mon Jan 01 2018
        </div>
      </div>
      <div
        className="rgdp__grid-cell c11"
        height="40px"
        onMouseDown={[Function]}
        onMouseEnter={[Function]}
        onMouseUp={[Function]}
        onTouchEnd={[Function]}
        onTouchMove={[Function]}
        onTouchStart={[Function]}
        role="presentation"
      >
        <div
          className="false test-date-cell-renderer"
        >
          Mon Jan 01 2018
        </div>
      </div>
      <div
        className="rgdp__grid-cell c11"
        height="40px"
        onMouseDown={[Function]}
        onMouseEnter={[Function]}
        onMouseUp={[Function]}
        onTouchEnd={[Function]}
        onTouchMove={[Function]}
        onTouchStart={[Function]}
        role="presentation"
      >
        <div
          className="false test-date-cell-renderer"
        >
          Mon Jan 01 2018
        </div>
      </div>
      <div
        className="rgdp__grid-cell c11"
        height="40px"
        onMouseDown={[Function]}
        onMouseEnter={[Function]}
        onMouseUp={[Function]}
        onTouchEnd={[Function]}
        onTouchMove={[Function]}
        onTouchStart={[Function]}
        role="presentation"
      >
        <div
          className="false test-date-cell-renderer"
        >
          Mon Jan 01 2018
        </div>
      </div>
      <div
        className="rgdp__grid-cell c11"
        height="40px"
        onMouseDown={[Function]}
        onMouseEnter={[Function]}
        onMouseUp={[Function]}
        onTouchEnd={[Function]}
        onTouchMove={[Function]}
        onTouchStart={[Function]}
        role="presentation"
      >
        <div
          className="false test-date-cell-renderer"
        >
          Mon Jan 01 2018
        </div>
      </div>
      <div
        className="rgdp__grid-cell c11"
        height="40px"
        onMouseDown={[Function]}
        onMouseEnter={[Function]}
        onMouseUp={[Function]}
        onTouchEnd={[Function]}
        onTouchMove={[Function]}
        onTouchStart={[Function]}
        role="presentation"
      >
        <div
          className="false test-date-cell-renderer"
        >
          Mon Jan 01 2018
        </div>
      </div>
      <div
        className="rgdp__grid-cell c11"
        height="40px"
        onMouseDown={[Function]}
        onMouseEnter={[Function]}
        onMouseUp={[Function]}
        onTouchEnd={[Function]}
        onTouchMove={[Function]}
        onTouchStart={[Function]}
        role="presentation"
      >
        <div
          className="false test-date-cell-renderer"
        >
          Mon Jan 01 2018
        </div>
      </div>
      <div
        className="rgdp__grid-cell c11"
        height="40px"
        onMouseDown={[Function]}
        onMouseEnter={[Function]}
        onMouseUp={[Function]}
        onTouchEnd={[Function]}
        onTouchMove={[Function]}
        onTouchStart={[Function]}
        role="presentation"
      >
        <div
          className="false test-date-cell-renderer"
        >
          Mon Jan 01 2018
        </div>
      </div>
      <div
        className="rgdp__grid-cell c11"
        height="40px"
        onMouseDown={[Function]}
        onMouseEnter={[Function]}
        onMouseUp={[Function]}
        onTouchEnd={[Function]}
        onTouchMove={[Function]}
        onTouchStart={[Function]}
        role="presentation"
      >
        <div
          className="false test-date-cell-renderer"
        >
          Mon Jan 01 2018
        </div>
      </div>
      <div
        className="rgdp__grid-cell c11"
        height="40px"
        onMouseDown={[Function]}
        onMouseEnter={[Function]}
        onMouseUp={[Function]}
        onTouchEnd={[Function]}
        onTouchMove={[Function]}
        onTouchStart={[Function]}
        role="presentation"
      >
        <div
          className="false test-date-cell-renderer"
        >
          Mon Jan 01 2018
        </div>
      </div>
      <div
        className="rgdp__grid-cell c11"
        height="40px"
        onMouseDown={[Function]}
        onMouseEnter={[Function]}
        onMouseUp={[Function]}
        onTouchEnd={[Function]}
        onTouchMove={[Function]}
        onTouchStart={[Function]}
        role="presentation"
      >
        <div
          className="false test-date-cell-renderer"
        >
          Mon Jan 01 2018
        </div>
      </div>
    </div>
    <div
      className="c2"
    >
      <div
        className="c7"
        height="50"
      >
        <h2
          className="c8 c9"
        >
          TUE
        </h2>
        <h2
          className="c10 c9"
        >
          2
        </h2>
      </div>
      <div
        className="rgdp__grid-cell c11"
        height="40px"
        onMouseDown={[Function]}
        onMouseEnter={[Function]}
        onMouseUp={[Function]}
        onTouchEnd={[Function]}
        onTouchMove={[Function]}
        onTouchStart={[Function]}
        role="presentation"
      >
        <div
          className="false test-date-cell-renderer"
        >
          Tue Jan 02 2018
        </div>
      </div>
      <div
        className="rgdp__grid-cell c11"
        height="40px"
        onMouseDown={[Function]}
        onMouseEnter={[Function]}
        onMouseUp={[Function]}
        onTouchEnd={[Function]}
        onTouchMove={[Function]}
        onTouchStart={[Function]}
        role="presentation"
      >
        <div
          className="false test-date-cell-renderer"
        >
          Tue Jan 02 2018
        </div>
      </div>
      <div
        className="rgdp__grid-cell c11"
        height="40px"
        onMouseDown={[Function]}
        onMouseEnter={[Function]}
        onMouseUp={[Function]}
        onTouchEnd={[Function]}
        onTouchMove={[Function]}
        onTouchStart={[Function]}
        role="presentation"
      >
        <div
          className="false test-date-cell-renderer"
        >
          Tue Jan 02 2018
        </div>
      </div>
      <div
        className="rgdp__grid-cell c11"
        height="40px"
        onMouseDown={[Function]}
        onMouseEnter={[Function]}
        onMouseUp={[Function]}
        onTouchEnd={[Function]}
        onTouchMove={[Function]}
        onTouchStart={[Function]}
        role="presentation"
      >
        <div
          className="false test-date-cell-renderer"
        >
          Tue Jan 02 2018
        </div>
      </div>
      <div
        className="rgdp__grid-cell c11"
        height="40px"
        onMouseDown={[Function]}
        onMouseEnter={[Function]}
        onMouseUp={[Function]}
        onTouchEnd={[Function]}
        onTouchMove={[Function]}
        onTouchStart={[Function]}
        role="presentation"
      >
        <div
          className="selected test-date-cell-renderer"
        >
          Tue Jan 02 2018
        </div>
      </div>
      <div
        className="rgdp__grid-cell c11"
        height="40px"
        onMouseDown={[Function]}
        onMouseEnter={[Function]}
        onMouseUp={[Function]}
        onTouchEnd={[Function]}
        onTouchMove={[Function]}
        onTouchStart={[Function]}
        role="presentation"
      >
        <div
          className="false test-date-cell-renderer"
        >
          Tue Jan 02 2018
        </div>
      </div>
      <div
        className="rgdp__grid-cell c11"
        height="40px"
        onMouseDown={[Function]}
        onMouseEnter={[Function]}
        onMouseUp={[Function]}
        onTouchEnd={[Function]}
        onTouchMove={[Function]}
        onTouchStart={[Function]}
        role="presentation"
      >
        <div
          className="false test-date-cell-renderer"
        >
          Tue Jan 02 2018
        </div>
      </div>
      <div
        className="rgdp__grid-cell c11"
        height="40px"
        onMouseDown={[Function]}
        onMouseEnter={[Function]}
        onMouseUp={[Function]}
        onTouchEnd={[Function]}
        onTouchMove={[Function]}
        onTouchStart={[Function]}
        role="presentation"
      >
        <div
          className="false test-date-cell-renderer"
        >
          Tue Jan 02 2018
        </div>
      </div>
      <div
        className="rgdp__grid-cell c11"
        height="40px"
        onMouseDown={[Function]}
        onMouseEnter={[Function]}
        onMouseUp={[Function]}
        onTouchEnd={[Function]}
        onTouchMove={[Function]}
        onTouchStart={[Function]}
        role="presentation"
      >
        <div
          className="false test-date-cell-renderer"
        >
          Tue Jan 02 2018
        </div>
      </div>
      <div
        className="rgdp__grid-cell c11"
        height="40px"
        onMouseDown={[Function]}
        onMouseEnter={[Function]}
        onMouseUp={[Function]}
        onTouchEnd={[Function]}
        onTouchMove={[Function]}
        onTouchStart={[Function]}
        role="presentation"
      >
        <div
          className="false test-date-cell-renderer"
        >
          Tue Jan 02 2018
        </div>
      </div>
      <div
        className="rgdp__grid-cell c11"
        height="40px"
        onMouseDown={[Function]}
        onMouseEnter={[Function]}
        onMouseUp={[Function]}
        onTouchEnd={[Function]}
        onTouchMove={[Function]}
        onTouchStart={[Function]}
        role="presentation"
      >
        <div
          className="false test-date-cell-renderer"
        >
          Tue Jan 02 2018
        </div>
      </div>
      <div
        className="rgdp__grid-cell c11"
        height="40px"
        onMouseDown={[Function]}
        onMouseEnter={[Function]}
        onMouseUp={[Function]}
        onTouchEnd={[Function]}
        onTouchMove={[Function]}
        onTouchStart={[Function]}
        role="presentation"
      >
        <div
          className="false test-date-cell-renderer"
        >
          Tue Jan 02 2018
        </div>
      </div>
      <div
        className="rgdp__grid-cell c11"
        height="40px"
        onMouseDown={[Function]}
        onMouseEnter={[Function]}
        onMouseUp={[Function]}
        onTouchEnd={[Function]}
        onTouchMove={[Function]}
        onTouchStart={[Function]}
        role="presentation"
      >
        <div
          className="false test-date-cell-renderer"
        >
          Tue Jan 02 2018
        </div>
      </div>
      <div
        className="rgdp__grid-cell c11"
        height="40px"
        onMouseDown={[Function]}
        onMouseEnter={[Function]}
        onMouseUp={[Function]}
        onTouchEnd={[Function]}
        onTouchMove={[Function]}
        onTouchStart={[Function]}
        role="presentation"
      >
        <div
          className="false test-date-cell-renderer"
        >
          Tue Jan 02 2018
        </div>
      </div>
      <div
        className="rgdp__grid-cell c11"
        height="40px"
        onMouseDown={[Function]}
        onMouseEnter={[Function]}
        onMouseUp={[Function]}
        onTouchEnd={[Function]}
        onTouchMove={[Function]}
        onTouchStart={[Function]}
        role="presentation"
      >
        <div
          className="false test-date-cell-renderer"
        >
          Tue Jan 02 2018
        </div>
      </div>
    </div>
    <div
      className="c2"
    >
      <div
        className="c7"
        height="50"
      >
        <h2
          className="c8 c9"
        >
          WED
        </h2>
        <h2
          className="c10 c9"
        >
          3
        </h2>
      </div>
      <div
        className="rgdp__grid-cell c11"
        height="40px"
        onMouseDown={[Function]}
        onMouseEnter={[Function]}
        onMouseUp={[Function]}
        onTouchEnd={[Function]}
        onTouchMove={[Function]}
        onTouchStart={[Function]}
        role="presentation"
      >
        <div
          className="false test-date-cell-renderer"
        >
          Wed Jan 03 2018
        </div>
      </div>
      <div
        className="rgdp__grid-cell c11"
        height="40px"
        onMouseDown={[Function]}
        onMouseEnter={[Function]}
        onMouseUp={[Function]}
        onTouchEnd={[Function]}
        onTouchMove={[Function]}
        onTouchStart={[Function]}
        role="presentation"
      >
        <div
          className="false test-date-cell-renderer"
        >
          Wed Jan 03 2018
        </div>
      </div>
      <div
        className="rgdp__grid-cell c11"
        height="40px"
        onMouseDown={[Function]}
        onMouseEnter={[Function]}
        onMouseUp={[Function]}
        onTouchEnd={[Function]}
        onTouchMove={[Function]}
        onTouchStart={[Function]}
        role="presentation"
      >
        <div
          className="false test-date-cell-renderer"
        >
          Wed Jan 03 2018
        </div>
      </div>
      <div
        className="rgdp__grid-cell c11"
        height="40px"
        onMouseDown={[Function]}
        onMouseEnter={[Function]}
        onMouseUp={[Function]}
        onTouchEnd={[Function]}
        onTouchMove={[Function]}
        onTouchStart={[Function]}
        role="presentation"
      >
        <div
          className="false test-date-cell-renderer"
        >
          Wed Jan 03 2018
        </div>
      </div>
      <div
        className="rgdp__grid-cell c11"
        height="40px"
        onMouseDown={[Function]}
        onMouseEnter={[Function]}
        onMouseUp={[Function]}
        onTouchEnd={[Function]}
        onTouchMove={[Function]}
        onTouchStart={[Function]}
        role="presentation"
      >
        <div
          className="false test-date-cell-renderer"
        >
          Wed Jan 03 2018
        </div>
      </div>
      <div
        className="rgdp__grid-cell c11"
        height="40px"
        onMouseDown={[Function]}
        onMouseEnter={[Function]}
        onMouseUp={[Function]}
        onTouchEnd={[Function]}
        onTouchMove={[Function]}
        onTouchStart={[Function]}
        role="presentation"
      >
        <div
          className="false test-date-cell-renderer"
        >
          Wed Jan 03 2018
        </div>
      </div>
      <div
        className="rgdp__grid-cell c11"
        height="40px"
        onMouseDown={[Function]}
        onMouseEnter={[Function]}
        onMouseUp={[Function]}
        onTouchEnd={[Function]}
        onTouchMove={[Function]}
        onTouchStart={[Function]}
        role="presentation"
      >
        <div
          className="false test-date-cell-renderer"
        >
          Wed Jan 03 2018
        </div>
      </div>
      <div
        className="rgdp__grid-cell c11"
        height="40px"
        onMouseDown={[Function]}
        onMouseEnter={[Function]}
        onMouseUp={[Function]}
        onTouchEnd={[Function]}
        onTouchMove={[Function]}
        onTouchStart={[Function]}
        role="presentation"
      >
        <div
          className="false test-date-cell-renderer"
        >
          Wed Jan 03 2018
        </div>
      </div>
      <div
        className="rgdp__grid-cell c11"
        height="40px"
        onMouseDown={[Function]}
        onMouseEnter={[Function]}
        onMouseUp={[Function]}
        onTouchEnd={[Function]}
        onTouchMove={[Function]}
        onTouchStart={[Function]}
        role="presentation"
      >
        <div
          className="false test-date-cell-renderer"
        >
          Wed Jan 03 2018
        </div>
      </div>
      <div
        className="rgdp__grid-cell c11"
        height="40px"
        onMouseDown={[Function]}
        onMouseEnter={[Function]}
        onMouseUp={[Function]}
        onTouchEnd={[Function]}
        onTouchMove={[Function]}
        onTouchStart={[Function]}
        role="presentation"
      >
        <div
          className="false test-date-cell-renderer"
        >
          Wed Jan 03 2018
        </div>
      </div>
      <div
        className="rgdp__grid-cell c11"
        height="40px"
        onMouseDown={[Function]}
        onMouseEnter={[Function]}
        onMouseUp={[Function]}
        onTouchEnd={[Function]}
        onTouchMove={[Function]}
        onTouchStart={[Function]}
        role="presentation"
      >
        <div
          className="false test-date-cell-renderer"
        >
          Wed Jan 03 2018
        </div>
      </div>
      <div
        className="rgdp__grid-cell c11"
        height="40px"
        onMouseDown={[Function]}
        onMouseEnter={[Function]}
        onMouseUp={[Function]}
        onTouchEnd={[Function]}
        onTouchMove={[Function]}
        onTouchStart={[Function]}
        role="presentation"
      >
        <div
          className="false test-date-cell-renderer"
        >
          Wed Jan 03 2018
        </div>
      </div>
      <div
        className="rgdp__grid-cell c11"
        height="40px"
        onMouseDown={[Function]}
        onMouseEnter={[Function]}
        onMouseUp={[Function]}
        onTouchEnd={[Function]}
        onTouchMove={[Function]}
        onTouchStart={[Function]}
        role="presentation"
      >
        <div
          className="false test-date-cell-renderer"
        >
          Wed Jan 03 2018
        </div>
      </div>
      <div
        className="rgdp__grid-cell c11"
        height="40px"
        onMouseDown={[Function]}
        onMouseEnter={[Function]}
        onMouseUp={[Function]}
        onTouchEnd={[Function]}
        onTouchMove={[Function]}
        onTouchStart={[Function]}
        role="presentation"
      >
        <div
          className="false test-date-cell-renderer"
        >
          Wed Jan 03 2018
        </div>
      </div>
      <div
        className="rgdp__grid-cell c11"
        height="40px"
        onMouseDown={[Function]}
        onMouseEnter={[Function]}
        onMouseUp={[Function]}
        onTouchEnd={[Function]}
        onTouchMove={[Function]}
        onTouchStart={[Function]}
        role="presentation"
      >
        <div
          className="false test-date-cell-renderer"
        >
          Wed Jan 03 2018
        </div>
      </div>
    </div>
    <div
      className="c2"
    >
      <div
        className="c7"
        height="50"
      >
        <h2
          className="c8 c9"
        >
          THU
        </h2>
        <h2
          className="c10 c9"
        >
          4
        </h2>
      </div>
      <div
        className="rgdp__grid-cell c11"
        height="40px"
        onMouseDown={[Function]}
        onMouseEnter={[Function]}
        onMouseUp={[Function]}
        onTouchEnd={[Function]}
        onTouchMove={[Function]}
        onTouchStart={[Function]}
        role="presentation"
      >
        <div
          className="false test-date-cell-renderer"
        >
          Thu Jan 04 2018
        </div>
      </div>
      <div
        className="rgdp__grid-cell c11"
        height="40px"
        onMouseDown={[Function]}
        onMouseEnter={[Function]}
        onMouseUp={[Function]}
        onTouchEnd={[Function]}
        onTouchMove={[Function]}
        onTouchStart={[Function]}
        role="presentation"
      >
        <div
          className="false test-date-cell-renderer"
        >
          Thu Jan 04 2018
        </div>
      </div>
      <div
        className="rgdp__grid-cell c11"
        height="40px"
        onMouseDown={[Function]}
        onMouseEnter={[Function]}
        onMouseUp={[Function]}
        onTouchEnd={[Function]}
        onTouchMove={[Function]}
        onTouchStart={[Function]}
        role="presentation"
      >
        <div
          className="false test-date-cell-renderer"
        >
          Thu Jan 04 2018
        </div>
      </div>
      <div
        className="rgdp__grid-cell c11"
        height="40px"
        onMouseDown={[Function]}
        onMouseEnter={[Function]}
        onMouseUp={[Function]}
        onTouchEnd={[Function]}
        onTouchMove={[Function]}
        onTouchStart={[Function]}
        role="presentation"
      >
        <div
          className="false test-date-cell-renderer"
        >
          Thu Jan 04 2018
        </div>
      </div>
      <div
        className="rgdp__grid-cell c11"
        height="40px"
        onMouseDown={[Function]}
        onMouseEnter={[Function]}
        onMouseUp={[Function]}
        onTouchEnd={[Function]}
        onTouchMove={[Function]}
        onTouchStart={[Function]}
        role="presentation"
      >
        <div
          className="false test-date-cell-renderer"
        >
          Thu Jan 04 2018
        </div>
      </div>
      <div
        className="rgdp__grid-cell c11"
        height="40px"
        onMouseDown={[Function]}
        onMouseEnter={[Function]}
        onMouseUp={[Function]}
        onTouchEnd={[Function]}
        onTouchMove={[Function]}
        onTouchStart={[Function]}
        role="presentation"
      >
        <div
          className="false test-date-cell-renderer"
        >
          Thu Jan 04 2018
        </div>
      </div>
      <div
        className="rgdp__grid-cell c11"
        height="40px"
        onMouseDown={[Function]}
        onMouseEnter={[Function]}
        onMouseUp={[Function]}
        onTouchEnd={[Function]}
        onTouchMove={[Function]}
        onTouchStart={[Function]}
        role="presentation"
      >
        <div
          className="false test-date-cell-renderer"
        >
          Thu Jan 04 2018
        </div>
      </div>
      <div
        className="rgdp__grid-cell c11"
        height="40px"
        onMouseDown={[Function]}
        onMouseEnter={[Function]}
        onMouseUp={[Function]}
        onTouchEnd={[Function]}
        onTouchMove={[Function]}
        onTouchStart={[Function]}
        role="presentation"
      >
        <div
          className="false test-date-cell-renderer"
        >
          Thu Jan 04 2018
        </div>
      </div>
      <div
        className="rgdp__grid-cell c11"
        height="40px"
        onMouseDown={[Function]}
        onMouseEnter={[Function]}
        onMouseUp={[Function]}
        onTouchEnd={[Function]}
        onTouchMove={[Function]}
        onTouchStart={[Function]}
        role="presentation"
      >
        <div
          className="false test-date-cell-renderer"
        >
          Thu Jan 04 2018
        </div>
      </div>
      <div
        className="rgdp__grid-cell c11"
        height="40px"
        onMouseDown={[Function]}
        onMouseEnter={[Function]}
        onMouseUp={[Function]}
        onTouchEnd={[Function]}
        onTouchMove={[Function]}
        onTouchStart={[Function]}
        role="presentation"
      >
        <div
          className="false test-date-cell-renderer"
        >
          Thu Jan 04 2018
        </div>
      </div>
      <div
        className="rgdp__grid-cell c11"
        height="40px"
        onMouseDown={[Function]}
        onMouseEnter={[Function]}
        onMouseUp={[Function]}
        onTouchEnd={[Function]}
        onTouchMove={[Function]}
        onTouchStart={[Function]}
        role="presentation"
      >
        <div
          className="false test-date-cell-renderer"
        >
          Thu Jan 04 2018
        </div>
      </div>
      <div
        className="rgdp__grid-cell c11"
        height="40px"
        onMouseDown={[Function]}
        onMouseEnter={[Function]}
        onMouseUp={[Function]}
        onTouchEnd={[Function]}
        onTouchMove={[Function]}
        onTouchStart={[Function]}
        role="presentation"
      >
        <div
          className="false test-date-cell-renderer"
        >
          Thu Jan 04 2018
        </div>
      </div>
      <div
        className="rgdp__grid-cell c11"
        height="40px"
        onMouseDown={[Function]}
        onMouseEnter={[Function]}
        onMouseUp={[Function]}
        onTouchEnd={[Function]}
        onTouchMove={[Function]}
        onTouchStart={[Function]}
        role="presentation"
      >
        <div
          className="false test-date-cell-renderer"
        >
          Thu Jan 04 2018
        </div>
      </div>
      <div
        className="rgdp__grid-cell c11"
        height="40px"
        onMouseDown={[Function]}
        onMouseEnter={[Function]}
        onMouseUp={[Function]}
        onTouchEnd={[Function]}
        onTouchMove={[Function]}
        onTouchStart={[Function]}
        role="presentation"
      >
        <div
          className="false test-date-cell-renderer"
        >
          Thu Jan 04 2018
        </div>
      </div>
      <div
        className="rgdp__grid-cell c11"
        height="40px"
        onMouseDown={[Function]}
        onMouseEnter={[Function]}
        onMouseUp={[Function]}
        onTouchEnd={[Function]}
        onTouchMove={[Function]}
        onTouchStart={[Function]}
        role="presentation"
      >
        <div
          className="false test-date-cell-renderer"
        >
          Thu Jan 04 2018
        </div>
      </div>
    </div>
    <div
      className="c2"
    >
      <div
        className="c7"
        height="50"
      >
        <h2
          className="c8 c9"
        >
          FRI
        </h2>
        <h2
          className="c10 c9"
        >
          5
        </h2>
      </div>
      <div
        className="rgdp__grid-cell c11"
        height="40px"
        onMouseDown={[Function]}
        onMouseEnter={[Function]}
        onMouseUp={[Function]}
        onTouchEnd={[Function]}
        onTouchMove={[Function]}
        onTouchStart={[Function]}
        role="presentation"
      >
        <div
          className="false test-date-cell-renderer"
        >
          Fri Jan 05 2018
        </div>
      </div>
      <div
        className="rgdp__grid-cell c11"
        height="40px"
        onMouseDown={[Function]}
        onMouseEnter={[Function]}
        onMouseUp={[Function]}
        onTouchEnd={[Function]}
        onTouchMove={[Function]}
        onTouchStart={[Function]}
        role="presentation"
      >
        <div
          className="false test-date-cell-renderer"
        >
          Fri Jan 05 2018
        </div>
      </div>
      <div
        className="rgdp__grid-cell c11"
        height="40px"
        onMouseDown={[Function]}
        onMouseEnter={[Function]}
        onMouseUp={[Function]}
        onTouchEnd={[Function]}
        onTouchMove={[Function]}
        onTouchStart={[Function]}
        role="presentation"
      >
        <div
          className="false test-date-cell-renderer"
        >
          Fri Jan 05 2018
        </div>
      </div>
      <div
        className="rgdp__grid-cell c11"
        height="40px"
        onMouseDown={[Function]}
        onMouseEnter={[Function]}
        onMouseUp={[Function]}
        onTouchEnd={[Function]}
        onTouchMove={[Function]}
        onTouchStart={[Function]}
        role="presentation"
      >
        <div
          className="false test-date-cell-renderer"
        >
          Fri Jan 05 2018
        </div>
      </div>
      <div
        className="rgdp__grid-cell c11"
        height="40px"
        onMouseDown={[Function]}
        onMouseEnter={[Function]}
        onMouseUp={[Function]}
        onTouchEnd={[Function]}
        onTouchMove={[Function]}
        onTouchStart={[Function]}
        role="presentation"
      >
        <div
          className="false test-date-cell-renderer"
        >
          Fri Jan 05 2018
        </div>
      </div>
      <div
        className="rgdp__grid-cell c11"
        height="40px"
        onMouseDown={[Function]}
        onMouseEnter={[Function]}
        onMouseUp={[Function]}
        onTouchEnd={[Function]}
        onTouchMove={[Function]}
        onTouchStart={[Function]}
        role="presentation"
      >
        <div
          className="false test-date-cell-renderer"
        >
          Fri Jan 05 2018
        </div>
      </div>
      <div
        className="rgdp__grid-cell c11"
        height="40px"
        onMouseDown={[Function]}
        onMouseEnter={[Function]}
        onMouseUp={[Function]}
        onTouchEnd={[Function]}
        onTouchMove={[Function]}
        onTouchStart={[Function]}
        role="presentation"
      >
        <div
          className="false test-date-cell-renderer"
        >
          Fri Jan 05 2018
        </div>
      </div>
      <div
        className="rgdp__grid-cell c11"
        height="40px"
        onMouseDown={[Function]}
        onMouseEnter={[Function]}
        onMouseUp={[Function]}
        onTouchEnd={[Function]}
        onTouchMove={[Function]}
        onTouchStart={[Function]}
        role="presentation"
      >
        <div
          className="false test-date-cell-renderer"
        >
          Fri Jan 05 2018
        </div>
      </div>
      <div
        className="rgdp__grid-cell c11"
        height="40px"
        onMouseDown={[Function]}
        onMouseEnter={[Function]}
        onMouseUp={[Function]}
        onTouchEnd={[Function]}
        onTouchMove={[Function]}
        onTouchStart={[Function]}
        role="presentation"
      >
        <div
          className="false test-date-cell-renderer"
        >
          Fri Jan 05 2018
        </div>
      </div>
      <div
        className="rgdp__grid-cell c11"
        height="40px"
        onMouseDown={[Function]}
        onMouseEnter={[Function]}
        onMouseUp={[Function]}
        onTouchEnd={[Function]}
        onTouchMove={[Function]}
        onTouchStart={[Function]}
        role="presentation"
      >
        <div
          className="false test-date-cell-renderer"
        >
          Fri Jan 05 2018
        </div>
      </div>
      <div
        className="rgdp__grid-cell c11"
        height="40px"
        onMouseDown={[Function]}
        onMouseEnter={[Function]}
        onMouseUp={[Function]}
        onTouchEnd={[Function]}
        onTouchMove={[Function]}
        onTouchStart={[Function]}
        role="presentation"
      >
        <div
          className="false test-date-cell-renderer"
        >
          Fri Jan 05 2018
        </div>
      </div>
      <div
        className="rgdp__grid-cell c11"
        height="40px"
        onMouseDown={[Function]}
        onMouseEnter={[Function]}
        onMouseUp={[Function]}
        onTouchEnd={[Function]}
        onTouchMove={[Function]}
        onTouchStart={[Function]}
        role="presentation"
      >
        <div
          className="false test-date-cell-renderer"
        >
          Fri Jan 05 2018
        </div>
      </div>
      <div
        className="rgdp__grid-cell c11"
        height="40px"
        onMouseDown={[Function]}
        onMouseEnter={[Function]}
        onMouseUp={[Function]}
        onTouchEnd={[Function]}
        onTouchMove={[Function]}
        onTouchStart={[Function]}
        role="presentation"
      >
        <div
          className="false test-date-cell-renderer"
        >
          Fri Jan 05 2018
        </div>
      </div>
      <div
        className="rgdp__grid-cell c11"
        height="40px"
        onMouseDown={[Function]}
        onMouseEnter={[Function]}
        onMouseUp={[Function]}
        onTouchEnd={[Function]}
        onTouchMove={[Function]}
        onTouchStart={[Function]}
        role="presentation"
      >
        <div
          className="false test-date-cell-renderer"
        >
          Fri Jan 05 2018
        </div>
      </div>
      <div
        className="rgdp__grid-cell c11"
        height="40px"
        onMouseDown={[Function]}
        onMouseEnter={[Function]}
        onMouseUp={[Function]}
        onTouchEnd={[Function]}
        onTouchMove={[Function]}
        onTouchStart={[Function]}
        role="presentation"
      >
        <div
          className="false test-date-cell-renderer"
        >
          Fri Jan 05 2018
        </div>
      </div>
    </div>
  </div>
</div>
`;

exports[`snapshot tests renders correctly with default render logic 1`] = `
.c9 {
  font-size: 20px;
  font-weight: 400;
  color: rgba(79,79,79,1);
  text-align: center;
}

.c6 {
  font-size: 14px;
  font-weight: 300;
  line-height: 19.18px;
  color: rgba(79,79,79,0.87);
  margin: 5px 0;
}

.c0 {
  display: -webkit-box;
  display: -webkit-flex;
  display: -ms-flexbox;
  display: flex;
  -webkit-align-items: center;
  -webkit-box-align: center;
  -ms-flex-align: center;
  align-items: center;
  width: 100%;
  -webkit-user-select: none;
  -moz-user-select: none;
  -ms-user-select: none;
  user-select: none;
}

.c1 {
  display: -webkit-box;
  display: -webkit-flex;
  display: -ms-flexbox;
  display: flex;
  -webkit-flex-direction: row;
  -ms-flex-direction: row;
  flex-direction: row;
  -webkit-align-items: stretch;
  -webkit-box-align: stretch;
  -ms-flex-align: stretch;
  align-items: stretch;
  width: 100%;
}

.c2 {
  display: -webkit-box;
  display: -webkit-flex;
  display: -ms-flexbox;
  display: flex;
  -webkit-flex-direction: column;
  -ms-flex-direction: column;
  flex-direction: column;
  -webkit-box-pack: space-evenly;
  -webkit-justify-content: space-evenly;
  -ms-flex-pack: space-evenly;
  justify-content: space-evenly;
  -webkit-box-flex: 1;
  -webkit-flex-grow: 1;
  -ms-flex-positive: 1;
  flex-grow: 1;
}

.c3 {
  margin: px;
  height: 40px;
  touch-action: none;
}

.c7 {
  margin: 3px;
  height: 50px;
  touch-action: none;
}

.c11 {
  margin: 3px;
  height: 40pxpx;
  touch-action: none;
}

.c12 {
  width: 100%;
  height: 35px;
  background-color: rgba(89,154,242,1);
}

.c12:hover {
  cursor: pointer;
  background-color: rgba(162,198,248,1);
}

.c13 {
  width: 100%;
  height: 35px;
  background-color: #dbedff;
}

.c13:hover {
  cursor: pointer;
  background-color: rgba(162,198,248,1);
}

.c10 {
  height: 15px;
  font-size: 19px;
  margin: 0px;
  margin-top: 5px;
  padding: 0px;
}

.c8 {
  height: 15px;
  font-size: 10px;
  margin: 0px;
  padding: 0px;
}

.c4 {
  position: relative;
  display: block;
  width: 100%;
  height: 25px;
  padding-right: 15px;
  text-align: center;
  display: -webkit-box;
  display: -webkit-flex;
  display: -ms-flexbox;
  display: flex;
  -webkit-box-pack: center;
  -webkit-justify-content: center;
  -ms-flex-pack: center;
  justify-content: center;
  -webkit-align-items: right;
  -webkit-box-align: right;
  -ms-flex-align: right;
  align-items: right;
  color: rgb(112,117,122);
  display: block;
}

.c5 {
  margin: 0;
  font-size: 11px;
  text-align: right;
  text-transform: uppercase;
}

@media (max-width:700px) {
  .c9 {
    font-size: 18px;
  }
}

@media (max-width:699px) {
  .c10 {
    font-size: 10px;
  }
}

@media (max-width:699px) {
  .c8 {
    font-size: 6px;
  }
}

@media (max-width:699px) {
  .c5 {
    font-size: 7px;
  }
}

<div
  className="c0"
>
  <div
    className="c1"
  >
    <div
      className="c2"
    >
      <div
        className="c3"
        height="40"
      />
      <div
        className="c4"
      >
        <p
          className="c5 c6"
        >
          9 am
        </p>
      </div>
      <div
        className="c4"
      >
        <p
          className="c5 c6"
        >
          10 am
        </p>
      </div>
      <div
        className="c4"
      >
        <p
          className="c5 c6"
        >
          11 am
        </p>
      </div>
      <div
        className="c4"
      >
        <p
          className="c5 c6"
        >
          12 pm
        </p>
      </div>
      <div
        className="c4"
      >
        <p
          className="c5 c6"
        >
          1 pm
        </p>
      </div>
      <div
        className="c4"
      >
        <p
          className="c5 c6"
        >
          2 pm
        </p>
      </div>
      <div
        className="c4"
      >
        <p
          className="c5 c6"
        >
          3 pm
        </p>
      </div>
      <div
        className="c4"
      >
        <p
          className="c5 c6"
        >
          4 pm
        </p>
      </div>
      <div
        className="c4"
      >
        <p
          className="c5 c6"
        >
          5 pm
        </p>
      </div>
      <div
        className="c4"
      >
        <p
          className="c5 c6"
        >
          6 pm
        </p>
      </div>
      <div
        className="c4"
      >
        <p
          className="c5 c6"
        >
          7 pm
        </p>
      </div>
      <div
        className="c4"
      >
        <p
          className="c5 c6"
        >
          8 pm
        </p>
      </div>
      <div
        className="c4"
      >
        <p
          className="c5 c6"
        >
          9 pm
        </p>
      </div>
      <div
        className="c4"
      >
        <p
          className="c5 c6"
        >
          10 pm
        </p>
      </div>
      <div
        className="c4"
      >
        <p
          className="c5 c6"
        >
          11 pm
        </p>
      </div>
    </div>
    <div
      className="c2"
    >
      <div
        className="c7"
        height="50"
      >
        <h2
          className="c8 c9"
        >
          MON
        </h2>
        <h2
          className="c10 c9"
        >
          1
        </h2>
      </div>
      <div
        className="rgdp__grid-cell c11"
        height="40px"
        onMouseDown={[Function]}
        onMouseEnter={[Function]}
        onMouseUp={[Function]}
        onTouchEnd={[Function]}
        onTouchMove={[Function]}
        onTouchStart={[Function]}
        role="presentation"
      >
        <div
          className="c12"
          selected={false}
        />
      </div>
      <div
        className="rgdp__grid-cell c11"
        height="40px"
        onMouseDown={[Function]}
        onMouseEnter={[Function]}
        onMouseUp={[Function]}
        onTouchEnd={[Function]}
        onTouchMove={[Function]}
        onTouchStart={[Function]}
        role="presentation"
      >
        <div
          className="c12"
          selected={false}
        />
      </div>
      <div
        className="rgdp__grid-cell c11"
        height="40px"
        onMouseDown={[Function]}
        onMouseEnter={[Function]}
        onMouseUp={[Function]}
        onTouchEnd={[Function]}
        onTouchMove={[Function]}
        onTouchStart={[Function]}
        role="presentation"
      >
        <div
          className="c12"
          selected={false}
        />
      </div>
      <div
        className="rgdp__grid-cell c11"
        height="40px"
        onMouseDown={[Function]}
        onMouseEnter={[Function]}
        onMouseUp={[Function]}
        onTouchEnd={[Function]}
        onTouchMove={[Function]}
        onTouchStart={[Function]}
        role="presentation"
      >
        <div
          className="c13"
          selected={true}
        />
      </div>
      <div
        className="rgdp__grid-cell c11"
        height="40px"
        onMouseDown={[Function]}
        onMouseEnter={[Function]}
        onMouseUp={[Function]}
        onTouchEnd={[Function]}
        onTouchMove={[Function]}
        onTouchStart={[Function]}
        role="presentation"
      >
        <div
          className="c12"
          selected={false}
        />
      </div>
      <div
        className="rgdp__grid-cell c11"
        height="40px"
        onMouseDown={[Function]}
        onMouseEnter={[Function]}
        onMouseUp={[Function]}
        onTouchEnd={[Function]}
        onTouchMove={[Function]}
        onTouchStart={[Function]}
        role="presentation"
      >
        <div
          className="c12"
          selected={false}
        />
      </div>
      <div
        className="rgdp__grid-cell c11"
        height="40px"
        onMouseDown={[Function]}
        onMouseEnter={[Function]}
        onMouseUp={[Function]}
        onTouchEnd={[Function]}
        onTouchMove={[Function]}
        onTouchStart={[Function]}
        role="presentation"
      >
        <div
          className="c12"
          selected={false}
        />
      </div>
      <div
        className="rgdp__grid-cell c11"
        height="40px"
        onMouseDown={[Function]}
        onMouseEnter={[Function]}
        onMouseUp={[Function]}
        onTouchEnd={[Function]}
        onTouchMove={[Function]}
        onTouchStart={[Function]}
        role="presentation"
      >
        <div
          className="c12"
          selected={false}
        />
      </div>
      <div
        className="rgdp__grid-cell c11"
        height="40px"
        onMouseDown={[Function]}
        onMouseEnter={[Function]}
        onMouseUp={[Function]}
        onTouchEnd={[Function]}
        onTouchMove={[Function]}
        onTouchStart={[Function]}
        role="presentation"
      >
        <div
          className="c12"
          selected={false}
        />
      </div>
      <div
        className="rgdp__grid-cell c11"
        height="40px"
        onMouseDown={[Function]}
        onMouseEnter={[Function]}
        onMouseUp={[Function]}
        onTouchEnd={[Function]}
        onTouchMove={[Function]}
        onTouchStart={[Function]}
        role="presentation"
      >
        <div
          className="c12"
          selected={false}
        />
      </div>
      <div
        className="rgdp__grid-cell c11"
        height="40px"
        onMouseDown={[Function]}
        onMouseEnter={[Function]}
        onMouseUp={[Function]}
        onTouchEnd={[Function]}
        onTouchMove={[Function]}
        onTouchStart={[Function]}
        role="presentation"
      >
        <div
          className="c12"
          selected={false}
        />
      </div>
      <div
        className="rgdp__grid-cell c11"
        height="40px"
        onMouseDown={[Function]}
        onMouseEnter={[Function]}
        onMouseUp={[Function]}
        onTouchEnd={[Function]}
        onTouchMove={[Function]}
        onTouchStart={[Function]}
        role="presentation"
      >
        <div
          className="c12"
          selected={false}
        />
      </div>
      <div
        className="rgdp__grid-cell c11"
        height="40px"
        onMouseDown={[Function]}
        onMouseEnter={[Function]}
        onMouseUp={[Function]}
        onTouchEnd={[Function]}
        onTouchMove={[Function]}
        onTouchStart={[Function]}
        role="presentation"
      >
        <div
          className="c12"
          selected={false}
        />
      </div>
      <div
        className="rgdp__grid-cell c11"
        height="40px"
        onMouseDown={[Function]}
        onMouseEnter={[Function]}
        onMouseUp={[Function]}
        onTouchEnd={[Function]}
        onTouchMove={[Function]}
        onTouchStart={[Function]}
        role="presentation"
      >
        <div
          className="c12"
          selected={false}
        />
      </div>
      <div
        className="rgdp__grid-cell c11"
        height="40px"
        onMouseDown={[Function]}
        onMouseEnter={[Function]}
        onMouseUp={[Function]}
        onTouchEnd={[Function]}
        onTouchMove={[Function]}
        onTouchStart={[Function]}
        role="presentation"
      >
        <div
          className="c12"
          selected={false}
        />
      </div>
    </div>
    <div
      className="c2"
    >
      <div
        className="c7"
        height="50"
      >
        <h2
          className="c8 c9"
        >
          TUE
        </h2>
        <h2
          className="c10 c9"
        >
          2
        </h2>
      </div>
      <div
        className="rgdp__grid-cell c11"
        height="40px"
        onMouseDown={[Function]}
        onMouseEnter={[Function]}
        onMouseUp={[Function]}
        onTouchEnd={[Function]}
        onTouchMove={[Function]}
        onTouchStart={[Function]}
        role="presentation"
      >
        <div
          className="c12"
          selected={false}
        />
      </div>
      <div
        className="rgdp__grid-cell c11"
        height="40px"
        onMouseDown={[Function]}
        onMouseEnter={[Function]}
        onMouseUp={[Function]}
        onTouchEnd={[Function]}
        onTouchMove={[Function]}
        onTouchStart={[Function]}
        role="presentation"
      >
        <div
          className="c12"
          selected={false}
        />
      </div>
      <div
        className="rgdp__grid-cell c11"
        height="40px"
        onMouseDown={[Function]}
        onMouseEnter={[Function]}
        onMouseUp={[Function]}
        onTouchEnd={[Function]}
        onTouchMove={[Function]}
        onTouchStart={[Function]}
        role="presentation"
      >
        <div
          className="c12"
          selected={false}
        />
      </div>
      <div
        className="rgdp__grid-cell c11"
        height="40px"
        onMouseDown={[Function]}
        onMouseEnter={[Function]}
        onMouseUp={[Function]}
        onTouchEnd={[Function]}
        onTouchMove={[Function]}
        onTouchStart={[Function]}
        role="presentation"
      >
        <div
          className="c12"
          selected={false}
        />
      </div>
      <div
        className="rgdp__grid-cell c11"
        height="40px"
        onMouseDown={[Function]}
        onMouseEnter={[Function]}
        onMouseUp={[Function]}
        onTouchEnd={[Function]}
        onTouchMove={[Function]}
        onTouchStart={[Function]}
        role="presentation"
      >
        <div
          className="c13"
          selected={true}
        />
      </div>
      <div
        className="rgdp__grid-cell c11"
        height="40px"
        onMouseDown={[Function]}
        onMouseEnter={[Function]}
        onMouseUp={[Function]}
        onTouchEnd={[Function]}
        onTouchMove={[Function]}
        onTouchStart={[Function]}
        role="presentation"
      >
        <div
          className="c12"
          selected={false}
        />
      </div>
      <div
        className="rgdp__grid-cell c11"
        height="40px"
        onMouseDown={[Function]}
        onMouseEnter={[Function]}
        onMouseUp={[Function]}
        onTouchEnd={[Function]}
        onTouchMove={[Function]}
        onTouchStart={[Function]}
        role="presentation"
      >
        <div
          className="c12"
          selected={false}
        />
      </div>
      <div
        className="rgdp__grid-cell c11"
        height="40px"
        onMouseDown={[Function]}
        onMouseEnter={[Function]}
        onMouseUp={[Function]}
        onTouchEnd={[Function]}
        onTouchMove={[Function]}
        onTouchStart={[Function]}
        role="presentation"
      >
        <div
          className="c12"
          selected={false}
        />
      </div>
      <div
        className="rgdp__grid-cell c11"
        height="40px"
        onMouseDown={[Function]}
        onMouseEnter={[Function]}
        onMouseUp={[Function]}
        onTouchEnd={[Function]}
        onTouchMove={[Function]}
        onTouchStart={[Function]}
        role="presentation"
      >
        <div
          className="c12"
          selected={false}
        />
      </div>
      <div
        className="rgdp__grid-cell c11"
        height="40px"
        onMouseDown={[Function]}
        onMouseEnter={[Function]}
        onMouseUp={[Function]}
        onTouchEnd={[Function]}
        onTouchMove={[Function]}
        onTouchStart={[Function]}
        role="presentation"
      >
        <div
          className="c12"
          selected={false}
        />
      </div>
      <div
        className="rgdp__grid-cell c11"
        height="40px"
        onMouseDown={[Function]}
        onMouseEnter={[Function]}
        onMouseUp={[Function]}
        onTouchEnd={[Function]}
        onTouchMove={[Function]}
        onTouchStart={[Function]}
        role="presentation"
      >
        <div
          className="c12"
          selected={false}
        />
      </div>
      <div
        className="rgdp__grid-cell c11"
        height="40px"
        onMouseDown={[Function]}
        onMouseEnter={[Function]}
        onMouseUp={[Function]}
        onTouchEnd={[Function]}
        onTouchMove={[Function]}
        onTouchStart={[Function]}
        role="presentation"
      >
        <div
          className="c12"
          selected={false}
        />
      </div>
      <div
        className="rgdp__grid-cell c11"
        height="40px"
        onMouseDown={[Function]}
        onMouseEnter={[Function]}
        onMouseUp={[Function]}
        onTouchEnd={[Function]}
        onTouchMove={[Function]}
        onTouchStart={[Function]}
        role="presentation"
      >
        <div
          className="c12"
          selected={false}
        />
      </div>
      <div
        className="rgdp__grid-cell c11"
        height="40px"
        onMouseDown={[Function]}
        onMouseEnter={[Function]}
        onMouseUp={[Function]}
        onTouchEnd={[Function]}
        onTouchMove={[Function]}
        onTouchStart={[Function]}
        role="presentation"
      >
        <div
          className="c12"
          selected={false}
        />
      </div>
      <div
        className="rgdp__grid-cell c11"
        height="40px"
        onMouseDown={[Function]}
        onMouseEnter={[Function]}
        onMouseUp={[Function]}
        onTouchEnd={[Function]}
        onTouchMove={[Function]}
        onTouchStart={[Function]}
        role="presentation"
      >
        <div
          className="c12"
          selected={false}
        />
      </div>
    </div>
    <div
      className="c2"
    >
      <div
        className="c7"
        height="50"
      >
        <h2
          className="c8 c9"
        >
          WED
        </h2>
        <h2
          className="c10 c9"
        >
          3
        </h2>
      </div>
      <div
        className="rgdp__grid-cell c11"
        height="40px"
        onMouseDown={[Function]}
        onMouseEnter={[Function]}
        onMouseUp={[Function]}
        onTouchEnd={[Function]}
        onTouchMove={[Function]}
        onTouchStart={[Function]}
        role="presentation"
      >
        <div
          className="c12"
          selected={false}
        />
      </div>
      <div
        className="rgdp__grid-cell c11"
        height="40px"
        onMouseDown={[Function]}
        onMouseEnter={[Function]}
        onMouseUp={[Function]}
        onTouchEnd={[Function]}
        onTouchMove={[Function]}
        onTouchStart={[Function]}
        role="presentation"
      >
        <div
          className="c12"
          selected={false}
        />
      </div>
      <div
        className="rgdp__grid-cell c11"
        height="40px"
        onMouseDown={[Function]}
        onMouseEnter={[Function]}
        onMouseUp={[Function]}
        onTouchEnd={[Function]}
        onTouchMove={[Function]}
        onTouchStart={[Function]}
        role="presentation"
      >
        <div
          className="c12"
          selected={false}
        />
      </div>
      <div
        className="rgdp__grid-cell c11"
        height="40px"
        onMouseDown={[Function]}
        onMouseEnter={[Function]}
        onMouseUp={[Function]}
        onTouchEnd={[Function]}
        onTouchMove={[Function]}
        onTouchStart={[Function]}
        role="presentation"
      >
        <div
          className="c12"
          selected={false}
        />
      </div>
      <div
        className="rgdp__grid-cell c11"
        height="40px"
        onMouseDown={[Function]}
        onMouseEnter={[Function]}
        onMouseUp={[Function]}
        onTouchEnd={[Function]}
        onTouchMove={[Function]}
        onTouchStart={[Function]}
        role="presentation"
      >
        <div
          className="c12"
          selected={false}
        />
      </div>
      <div
        className="rgdp__grid-cell c11"
        height="40px"
        onMouseDown={[Function]}
        onMouseEnter={[Function]}
        onMouseUp={[Function]}
        onTouchEnd={[Function]}
        onTouchMove={[Function]}
        onTouchStart={[Function]}
        role="presentation"
      >
        <div
          className="c12"
          selected={false}
        />
      </div>
      <div
        className="rgdp__grid-cell c11"
        height="40px"
        onMouseDown={[Function]}
        onMouseEnter={[Function]}
        onMouseUp={[Function]}
        onTouchEnd={[Function]}
        onTouchMove={[Function]}
        onTouchStart={[Function]}
        role="presentation"
      >
        <div
          className="c12"
          selected={false}
        />
      </div>
      <div
        className="rgdp__grid-cell c11"
        height="40px"
        onMouseDown={[Function]}
        onMouseEnter={[Function]}
        onMouseUp={[Function]}
        onTouchEnd={[Function]}
        onTouchMove={[Function]}
        onTouchStart={[Function]}
        role="presentation"
      >
        <div
          className="c12"
          selected={false}
        />
      </div>
      <div
        className="rgdp__grid-cell c11"
        height="40px"
        onMouseDown={[Function]}
        onMouseEnter={[Function]}
        onMouseUp={[Function]}
        onTouchEnd={[Function]}
        onTouchMove={[Function]}
        onTouchStart={[Function]}
        role="presentation"
      >
        <div
          className="c12"
          selected={false}
        />
      </div>
      <div
        className="rgdp__grid-cell c11"
        height="40px"
        onMouseDown={[Function]}
        onMouseEnter={[Function]}
        onMouseUp={[Function]}
        onTouchEnd={[Function]}
        onTouchMove={[Function]}
        onTouchStart={[Function]}
        role="presentation"
      >
        <div
          className="c12"
          selected={false}
        />
      </div>
      <div
        className="rgdp__grid-cell c11"
        height="40px"
        onMouseDown={[Function]}
        onMouseEnter={[Function]}
        onMouseUp={[Function]}
        onTouchEnd={[Function]}
        onTouchMove={[Function]}
        onTouchStart={[Function]}
        role="presentation"
      >
        <div
          className="c12"
          selected={false}
        />
      </div>
      <div
        className="rgdp__grid-cell c11"
        height="40px"
        onMouseDown={[Function]}
        onMouseEnter={[Function]}
        onMouseUp={[Function]}
        onTouchEnd={[Function]}
        onTouchMove={[Function]}
        onTouchStart={[Function]}
        role="presentation"
      >
        <div
          className="c12"
          selected={false}
        />
      </div>
      <div
        className="rgdp__grid-cell c11"
        height="40px"
        onMouseDown={[Function]}
        onMouseEnter={[Function]}
        onMouseUp={[Function]}
        onTouchEnd={[Function]}
        onTouchMove={[Function]}
        onTouchStart={[Function]}
        role="presentation"
      >
        <div
          className="c12"
          selected={false}
        />
      </div>
      <div
        className="rgdp__grid-cell c11"
        height="40px"
        onMouseDown={[Function]}
        onMouseEnter={[Function]}
        onMouseUp={[Function]}
        onTouchEnd={[Function]}
        onTouchMove={[Function]}
        onTouchStart={[Function]}
        role="presentation"
      >
        <div
          className="c12"
          selected={false}
        />
      </div>
      <div
        className="rgdp__grid-cell c11"
        height="40px"
        onMouseDown={[Function]}
        onMouseEnter={[Function]}
        onMouseUp={[Function]}
        onTouchEnd={[Function]}
        onTouchMove={[Function]}
        onTouchStart={[Function]}
        role="presentation"
      >
        <div
          className="c12"
          selected={false}
        />
      </div>
    </div>
    <div
      className="c2"
    >
      <div
        className="c7"
        height="50"
      >
        <h2
          className="c8 c9"
        >
          THU
        </h2>
        <h2
          className="c10 c9"
        >
          4
        </h2>
      </div>
      <div
        className="rgdp__grid-cell c11"
        height="40px"
        onMouseDown={[Function]}
        onMouseEnter={[Function]}
        onMouseUp={[Function]}
        onTouchEnd={[Function]}
        onTouchMove={[Function]}
        onTouchStart={[Function]}
        role="presentation"
      >
        <div
          className="c12"
          selected={false}
        />
      </div>
      <div
        className="rgdp__grid-cell c11"
        height="40px"
        onMouseDown={[Function]}
        onMouseEnter={[Function]}
        onMouseUp={[Function]}
        onTouchEnd={[Function]}
        onTouchMove={[Function]}
        onTouchStart={[Function]}
        role="presentation"
      >
        <div
          className="c12"
          selected={false}
        />
      </div>
      <div
        className="rgdp__grid-cell c11"
        height="40px"
        onMouseDown={[Function]}
        onMouseEnter={[Function]}
        onMouseUp={[Function]}
        onTouchEnd={[Function]}
        onTouchMove={[Function]}
        onTouchStart={[Function]}
        role="presentation"
      >
        <div
          className="c12"
          selected={false}
        />
      </div>
      <div
        className="rgdp__grid-cell c11"
        height="40px"
        onMouseDown={[Function]}
        onMouseEnter={[Function]}
        onMouseUp={[Function]}
        onTouchEnd={[Function]}
        onTouchMove={[Function]}
        onTouchStart={[Function]}
        role="presentation"
      >
        <div
          className="c12"
          selected={false}
        />
      </div>
      <div
        className="rgdp__grid-cell c11"
        height="40px"
        onMouseDown={[Function]}
        onMouseEnter={[Function]}
        onMouseUp={[Function]}
        onTouchEnd={[Function]}
        onTouchMove={[Function]}
        onTouchStart={[Function]}
        role="presentation"
      >
        <div
          className="c12"
          selected={false}
        />
      </div>
      <div
        className="rgdp__grid-cell c11"
        height="40px"
        onMouseDown={[Function]}
        onMouseEnter={[Function]}
        onMouseUp={[Function]}
        onTouchEnd={[Function]}
        onTouchMove={[Function]}
        onTouchStart={[Function]}
        role="presentation"
      >
        <div
          className="c12"
          selected={false}
        />
      </div>
      <div
        className="rgdp__grid-cell c11"
        height="40px"
        onMouseDown={[Function]}
        onMouseEnter={[Function]}
        onMouseUp={[Function]}
        onTouchEnd={[Function]}
        onTouchMove={[Function]}
        onTouchStart={[Function]}
        role="presentation"
      >
        <div
          className="c12"
          selected={false}
        />
      </div>
      <div
        className="rgdp__grid-cell c11"
        height="40px"
        onMouseDown={[Function]}
        onMouseEnter={[Function]}
        onMouseUp={[Function]}
        onTouchEnd={[Function]}
        onTouchMove={[Function]}
        onTouchStart={[Function]}
        role="presentation"
      >
        <div
          className="c12"
          selected={false}
        />
      </div>
      <div
        className="rgdp__grid-cell c11"
        height="40px"
        onMouseDown={[Function]}
        onMouseEnter={[Function]}
        onMouseUp={[Function]}
        onTouchEnd={[Function]}
        onTouchMove={[Function]}
        onTouchStart={[Function]}
        role="presentation"
      >
        <div
          className="c12"
          selected={false}
        />
      </div>
      <div
        className="rgdp__grid-cell c11"
        height="40px"
        onMouseDown={[Function]}
        onMouseEnter={[Function]}
        onMouseUp={[Function]}
        onTouchEnd={[Function]}
        onTouchMove={[Function]}
        onTouchStart={[Function]}
        role="presentation"
      >
        <div
          className="c12"
          selected={false}
        />
      </div>
      <div
        className="rgdp__grid-cell c11"
        height="40px"
        onMouseDown={[Function]}
        onMouseEnter={[Function]}
        onMouseUp={[Function]}
        onTouchEnd={[Function]}
        onTouchMove={[Function]}
        onTouchStart={[Function]}
        role="presentation"
      >
        <div
          className="c12"
          selected={false}
        />
      </div>
      <div
        className="rgdp__grid-cell c11"
        height="40px"
        onMouseDown={[Function]}
        onMouseEnter={[Function]}
        onMouseUp={[Function]}
        onTouchEnd={[Function]}
        onTouchMove={[Function]}
        onTouchStart={[Function]}
        role="presentation"
      >
        <div
          className="c12"
          selected={false}
        />
      </div>
      <div
        className="rgdp__grid-cell c11"
        height="40px"
        onMouseDown={[Function]}
        onMouseEnter={[Function]}
        onMouseUp={[Function]}
        onTouchEnd={[Function]}
        onTouchMove={[Function]}
        onTouchStart={[Function]}
        role="presentation"
      >
        <div
          className="c12"
          selected={false}
        />
      </div>
      <div
        className="rgdp__grid-cell c11"
        height="40px"
        onMouseDown={[Function]}
        onMouseEnter={[Function]}
        onMouseUp={[Function]}
        onTouchEnd={[Function]}
        onTouchMove={[Function]}
        onTouchStart={[Function]}
        role="presentation"
      >
        <div
          className="c12"
          selected={false}
        />
      </div>
      <div
        className="rgdp__grid-cell c11"
        height="40px"
        onMouseDown={[Function]}
        onMouseEnter={[Function]}
        onMouseUp={[Function]}
        onTouchEnd={[Function]}
        onTouchMove={[Function]}
        onTouchStart={[Function]}
        role="presentation"
      >
        <div
          className="c12"
          selected={false}
        />
      </div>
    </div>
    <div
      className="c2"
    >
      <div
        className="c7"
        height="50"
      >
        <h2
          className="c8 c9"
        >
          FRI
        </h2>
        <h2
          className="c10 c9"
        >
          5
        </h2>
      </div>
      <div
        className="rgdp__grid-cell c11"
        height="40px"
        onMouseDown={[Function]}
        onMouseEnter={[Function]}
        onMouseUp={[Function]}
        onTouchEnd={[Function]}
        onTouchMove={[Function]}
        onTouchStart={[Function]}
        role="presentation"
      >
        <div
          className="c12"
          selected={false}
        />
      </div>
      <div
        className="rgdp__grid-cell c11"
        height="40px"
        onMouseDown={[Function]}
        onMouseEnter={[Function]}
        onMouseUp={[Function]}
        onTouchEnd={[Function]}
        onTouchMove={[Function]}
        onTouchStart={[Function]}
        role="presentation"
      >
        <div
          className="c12"
          selected={false}
        />
      </div>
      <div
        className="rgdp__grid-cell c11"
        height="40px"
        onMouseDown={[Function]}
        onMouseEnter={[Function]}
        onMouseUp={[Function]}
        onTouchEnd={[Function]}
        onTouchMove={[Function]}
        onTouchStart={[Function]}
        role="presentation"
      >
        <div
          className="c12"
          selected={false}
        />
      </div>
      <div
        className="rgdp__grid-cell c11"
        height="40px"
        onMouseDown={[Function]}
        onMouseEnter={[Function]}
        onMouseUp={[Function]}
        onTouchEnd={[Function]}
        onTouchMove={[Function]}
        onTouchStart={[Function]}
        role="presentation"
      >
        <div
          className="c12"
          selected={false}
        />
      </div>
      <div
        className="rgdp__grid-cell c11"
        height="40px"
        onMouseDown={[Function]}
        onMouseEnter={[Function]}
        onMouseUp={[Function]}
        onTouchEnd={[Function]}
        onTouchMove={[Function]}
        onTouchStart={[Function]}
        role="presentation"
      >
        <div
          className="c12"
          selected={false}
        />
      </div>
      <div
        className="rgdp__grid-cell c11"
        height="40px"
        onMouseDown={[Function]}
        onMouseEnter={[Function]}
        onMouseUp={[Function]}
        onTouchEnd={[Function]}
        onTouchMove={[Function]}
        onTouchStart={[Function]}
        role="presentation"
      >
        <div
          className="c12"
          selected={false}
        />
      </div>
      <div
        className="rgdp__grid-cell c11"
        height="40px"
        onMouseDown={[Function]}
        onMouseEnter={[Function]}
        onMouseUp={[Function]}
        onTouchEnd={[Function]}
        onTouchMove={[Function]}
        onTouchStart={[Function]}
        role="presentation"
      >
        <div
          className="c12"
          selected={false}
        />
      </div>
      <div
        className="rgdp__grid-cell c11"
        height="40px"
        onMouseDown={[Function]}
        onMouseEnter={[Function]}
        onMouseUp={[Function]}
        onTouchEnd={[Function]}
        onTouchMove={[Function]}
        onTouchStart={[Function]}
        role="presentation"
      >
        <div
          className="c12"
          selected={false}
        />
      </div>
      <div
        className="rgdp__grid-cell c11"
        height="40px"
        onMouseDown={[Function]}
        onMouseEnter={[Function]}
        onMouseUp={[Function]}
        onTouchEnd={[Function]}
        onTouchMove={[Function]}
        onTouchStart={[Function]}
        role="presentation"
      >
        <div
          className="c12"
          selected={false}
        />
      </div>
      <div
        className="rgdp__grid-cell c11"
        height="40px"
        onMouseDown={[Function]}
        onMouseEnter={[Function]}
        onMouseUp={[Function]}
        onTouchEnd={[Function]}
        onTouchMove={[Function]}
        onTouchStart={[Function]}
        role="presentation"
      >
        <div
          className="c12"
          selected={false}
        />
      </div>
      <div
        className="rgdp__grid-cell c11"
        height="40px"
        onMouseDown={[Function]}
        onMouseEnter={[Function]}
        onMouseUp={[Function]}
        onTouchEnd={[Function]}
        onTouchMove={[Function]}
        onTouchStart={[Function]}
        role="presentation"
      >
        <div
          className="c12"
          selected={false}
        />
      </div>
      <div
        className="rgdp__grid-cell c11"
        height="40px"
        onMouseDown={[Function]}
        onMouseEnter={[Function]}
        onMouseUp={[Function]}
        onTouchEnd={[Function]}
        onTouchMove={[Function]}
        onTouchStart={[Function]}
        role="presentation"
      >
        <div
          className="c12"
          selected={false}
        />
      </div>
      <div
        className="rgdp__grid-cell c11"
        height="40px"
        onMouseDown={[Function]}
        onMouseEnter={[Function]}
        onMouseUp={[Function]}
        onTouchEnd={[Function]}
        onTouchMove={[Function]}
        onTouchStart={[Function]}
        role="presentation"
      >
        <div
          className="c12"
          selected={false}
        />
      </div>
      <div
        className="rgdp__grid-cell c11"
        height="40px"
        onMouseDown={[Function]}
        onMouseEnter={[Function]}
        onMouseUp={[Function]}
        onTouchEnd={[Function]}
        onTouchMove={[Function]}
        onTouchStart={[Function]}
        role="presentation"
      >
        <div
          className="c12"
          selected={false}
        />
      </div>
      <div
        className="rgdp__grid-cell c11"
        height="40px"
        onMouseDown={[Function]}
        onMouseEnter={[Function]}
        onMouseUp={[Function]}
        onTouchEnd={[Function]}
        onTouchMove={[Function]}
        onTouchStart={[Function]}
        role="presentation"
      >
        <div
          className="c12"
          selected={false}
        />
      </div>
    </div>
  </div>
</div>
`;
